// Jest Snapshot v1, https://goo.gl/fbAQLP

exports[`AppLoader should match snapshot 1`] = `
<div
  className="Loader"
>
  <DashboardLoader>
    <PanelLoader>
      <PanelContent />
    </PanelLoader>
  </DashboardLoader>
</div>
`;
